[gcash8.ph/index.html]
[backblue.gif]
[fade.gif]
[index.html]
[gcash8.ph/feed/index.html]
[gcash8.ph/wp-includes/js/jquery/jquery.minf43b.js]
[gcash8.ph/wp-includes/js/jquery/jquery-migrate.min5589.js]
[gcash8.ph/wp-content/themes/blogarise/js/navigationd1c0.js]
[gcash8.ph/wp-content/themes/blogarise/js/bootstrapd1c0.js]
[gcash8.ph/wp-content/themes/blogarise/js/swiper-bundled1c0.js]
[gcash8.ph/wp-content/themes/blogarise/js/maind1c0.js]
[gcash8.ph/wp-content/themes/blogarise/js/sticksy.mind1c0.js]
[gcash8.ph/wp-content/themes/blogarise/js/jquery.smartmenusd1c0.js]
[gcash8.ph/wp-content/themes/blogarise/js/jquery.smartmenus.bootstrapd1c0.js]
[gcash8.ph/wp-content/themes/blogarise/js/jquery.marqueed1c0.js]
[gcash8.ph/wp-content/themes/blogarise/js/jquery.cookie.mind1c0.js]
[gcash8.ph/wp-json/index.html]
[gcash8.ph/wp-json/wp/v2/pages/13.json]
[gcash8.ph/xmlrpc0db0.php]
[gcash8.ph/wp-json/oembed/1.0/embedeb1e.json]
[gcash8.ph/wp-json/oembed/1.0/embed7e17]
[gcash8.ph/wp-content/uploads/2024/12/gcash8-logo-150x150.png]
[gcash8.ph/wp-content/uploads/2024/12/gcash8-logo-300x300.png]
[gcash8.ph/wp-content/uploads/2024/12/gcash8-logo.png]
[gcash8.ph/wp-content/uploads/2025/01/gcash-online-casino.webp]
[gcash8.ph/blog/index.html]
[gcash8.ph/about-us/index.html]
[gcash8.ph/contact-us/index.html]
[gcash8.ph/wp-content/uploads/2024/12/new-member-register-free-100-bonus.webp]
[gcash8.ph/wp-content/uploads/2024/11/gcash-online-casino.png]
[gcash8.ph/wp-content/uploads/2024/11/GCash-Free-100-Pesos.png]
[gcash8.ph/wp-content/uploads/2025/02/jbet88-1024x538.webp]
[gcash8.ph/jbet88/index.html]
[gcash8.ph/ph444/index.html]
[gcash8.ph/777bar/index.html]
[gcash8.ph/jlbet/index.html]
[gcash8.ph/wp-content/uploads/2025/02/ph444-1024x538.webp]
[gcash8.ph/top-5-online-casino-in-the-philippines/index.html]
[gcash8.ph/category/free-bonus/index.html]
[gcash8.ph/wp-content/uploads/2025/01/777bar-casino-1024x538.webp]
[gcash8.ph/category/gcash-guide/index.html]
[gcash8.ph/category/online-casino/index.html]
[gcash8.ph/category/philippines/index.html]
[gcash8.ph/wp-content/uploads/2025/01/jlbet-1024x538.webp]
[gcash8.ph/wp-content/themes/blogarise/js/darkd1c0.js]
[gcash8.ph/wp-content/themes/blogarise/js/customd1c0.js]
[gcash8.ph/index.html]
[gcash8.ph/wp-includes/css/dist/block-library/style.mind1c0.css]
[gcash8.ph/wp-content/themes/blogarise/css/bootstrapd1c0.css]
[gcash8.ph/wp-content/themes/blogarise/styled1c0.css]
[gcash8.ph/wp-content/themes/blogarise/css/colors/defaultd1c0.css]
[gcash8.ph/wp-content/themes/blogarise/webfonts/fa-brands-400.woff2]
[gcash8.ph/wp-content/themes/blogarise/webfonts/fa-brands-400.ttf]
[gcash8.ph/wp-content/themes/blogarise/webfonts/fa-regular-400.woff2]
[gcash8.ph/wp-content/themes/blogarise/webfonts/fa-regular-400.ttf]
[gcash8.ph/wp-content/themes/blogarise/webfonts/fa-solid-900.woff2]
[gcash8.ph/wp-content/themes/blogarise/webfonts/fa-solid-900.ttf]
[gcash8.ph/wp-content/themes/blogarise/webfonts/fa-v4compatibility.woff2]
[gcash8.ph/wp-content/themes/blogarise/webfonts/fa-v4compatibility.ttf]
[gcash8.ph/wp-content/themes/blogarise/css/alld1c0.css]
[gcash8.ph/wp-content/themes/blogarise/css/colors/darkd1c0.css]
[gcash8.ph/wp-content/themes/blogarise/css/swiper-bundled1c0.css]
[gcash8.ph/wp-content/themes/blogarise/css/jquery.smartmenus.bootstrapd1c0.css]
[gcash8.ph/wp-content/themes/blogarise/css/animated1c0.css]
[gcash8.ph/wp-content/themes/blogarise/inc/ansar/customize/css/customizer5152.css]
[gcash8.ph/blog/page/2/index.html]
[gcash8.ph/wp-content/uploads/2025/02/jbet88-720x380.webp]
[gcash8.ph/wp-content/uploads/2025/02/ph444-720x380.webp]
[gcash8.ph/author/gcash8admin/index.html]
[gcash8.ph/2025/02/index.html]
[gcash8.ph/wp-content/uploads/2025/01/777bar-casino-720x380.webp]
[gcash8.ph/wp-content/uploads/2025/01/jlbet-720x380.webp]
[gcash8.ph/2025/01/index.html]
[gcash8.ph/wp-content/uploads/2025/01/Top-5-Online-Casino-in-the-Philippines-Review-update-2025-720x380.webp]
[gcash8.ph/wp-content/uploads/2025/01/jili-games-free-100-720x380.webp]
[gcash8.ph/wp-content/uploads/2025/01/nicejl-casino-720x380.webp]
[gcash8.ph/jili-games-free-100/index.html]
[gcash8.ph/wp-content/uploads/2025/01/55bmw-login-720x380.webp]
[gcash8.ph/nicejl/index.html]
[gcash8.ph/wp-content/uploads/2025/01/PH4444-Log-In-to-Win-up-to-₱888-Cash-720x380.webp]
[gcash8.ph/55bmw-login/index.html]
[gcash8.ph/wp-content/uploads/2025/01/555pub-720x380.webp]
[gcash8.ph/ph4444/index.html]
[gcash8.ph/wp-includes/js/dist/hooks.min4fdd.js]
[gcash8.ph/555pub/index.html]
[gcash8.ph/blog/page/5/index.html]
[gcash8.ph/wp-includes/js/dist/i18n.minc33c.js]
[gcash8.ph/wp-includes/js/dist/vendor/wp-polyfill.min2c7c.js]
[gcash8.ph/wp-includes/js/dist/url.min9481.js]
[gcash8.ph/wp-includes/js/dist/api-fetch.min53e9.js]
[gcash8.ph/wp-admin/admin-ajax.3ef809.delayed]
[gcash8.ph/wp-content/plugins/ultimate-post/assets/js/ultp.min9fd6.js]
[gcash8.ph/blog/index.html]
[gcash8.ph/wp-json/wp/v2/pages/20.json]
[gcash8.ph/wp-json/oembed/1.0/embeda591.json]
[gcash8.ph/wp-json/oembed/1.0/embed406d]
[gcash8.ph/wp-content/uploads/2024/11/about-us.webp]
[gcash8.ph/about-us/index.html]
[gcash8.ph/wp-json/wp/v2/pages/22.json]
[gcash8.ph/wp-json/oembed/1.0/embed3b5e.json]
[gcash8.ph/wp-json/oembed/1.0/embede303]
[gcash8.ph/wp-content/uploads/2024/11/contact-us.webp]
[gcash8.ph/contact-us/index.html]
[gcash8.ph/wp-json/wp/v2/posts/965.json]
[gcash8.ph/wp-json/oembed/1.0/embedc1bf.json]
[gcash8.ph/wp-json/oembed/1.0/embed96a6]
[gcash8.ph/wp-content/uploads/2025/02/jbet88.webp]
[gcash8.ph/wp-content/uploads/2025/01/nicejl-casino-1024x538.webp]
[gcash8.ph/jbet88/index.html]
[gcash8.ph/milyon88/index.html]
[gcash8.ph/wp-json/wp/v2/posts/959.json]
[gcash8.ph/wp-json/oembed/1.0/embed3ce2.json]
[gcash8.ph/wp-json/oembed/1.0/embedb9e4]
[gcash8.ph/wp-content/uploads/2025/02/ph444.webp]
[gcash8.ph/wp-content/uploads/2025/01/Top-5-Online-Casino-in-the-Philippines-Review-update-2025-1024x538.webp]
[gcash8.ph/wp-content/uploads/2025/01/55bmw-login-1024x538.webp]
[gcash8.ph/ph444/index.html]
[gcash8.ph/wp-json/wp/v2/posts/950.json]
[gcash8.ph/wp-json/oembed/1.0/embed1e85.json]
[gcash8.ph/wp-json/oembed/1.0/embed374d]
[gcash8.ph/wp-content/uploads/2025/01/777bar-casino.webp]
[gcash8.ph/wp-content/uploads/2025/01/777bar.webp]
[gcash8.ph/wp-content/uploads/2024/12/free-bonus.webp]
[gcash8.ph/777bar/index.html]
[gcash8.ph/wp-json/wp/v2/posts/941.json]
[gcash8.ph/new-member-register-free-100-in-gcash/index.html]
[gcash8.ph/wp-json/oembed/1.0/embedeb8b.json]
[gcash8.ph/wp-json/oembed/1.0/embed3e77]
[gcash8.ph/wp-content/uploads/2025/01/jlbet.webp]
[gcash8.ph/wp-content/uploads/2024/10/free-777.webp]
[gcash8.ph/wp-content/uploads/2025/01/jlbet-casino.webp]
[gcash8.ph/wp-content/uploads/2024/10/register-now.png]
[gcash8.ph/jlbet/index.html]
[gcash8.ph/8k8/index.html]
[gcash8.ph/wp-json/wp/v2/posts/929.json]
[gcash8.ph/phcash11/index.html]
[gcash8.ph/taya777/index.html]
[gcash8.ph/wp-json/oembed/1.0/embed9763.json]
[gcash8.ph/wp-json/oembed/1.0/embed5472]
[gcash8.ph/wp-content/uploads/2025/01/Top-5-Online-Casino-in-the-Philippines-Review-update-2025.webp]
[gcash8.ph/wp-content/uploads/2025/01/top-5-online-casino-in-the-Philippines.webp]
[gcash8.ph/wp-content/uploads/2024/12/Free-100-New-Member-Bonus-on-mnl168.webp]
[gcash8.ph/wp-content/uploads/2024/12/pone-club-casino.webp]
[gcash8.ph/wp-content/uploads/2025/01/milyon88.webp]
[gcash8.ph/wp-content/uploads/2025/01/betso88.webp]
[gcash8.ph/wp-content/uploads/2025/01/taya777-casino.webp]
[gcash8.ph/top-5-online-casino-in-the-philippines/index.html]
[gcash8.ph/category/free-bonus/feed/index.html]
[gcash8.ph/wp-json/wp/v2/categories/30.json]
[gcash8.ph/wp-content/uploads/2024/12/slot-free-100-philippines-720x380.webp]
[gcash8.ph/wp-content/uploads/2024/12/GOCASH777-720x380.webp]
[gcash8.ph/slot-free-100-new-member/index.html]
[gcash8.ph/2024/12/index.html]
[gcash8.ph/wp-content/uploads/2024/12/new-member-register-free-100-bonus-1-720x380.webp]
[gcash8.ph/gocash777/index.html]
[gcash8.ph/wp-content/uploads/2024/04/Free-100-720x380.webp]
[gcash8.ph/category/free-bonus/index.html]
[gcash8.ph/jili-casino-free-100-pesos/index.html]
[gcash8.ph/2024/11/index.html]
[gcash8.ph/free-100-gcash-casino-ph/index.html]
[gcash8.ph/author/gcash8-phn/index.html]
[gcash8.ph/wp-json/wp/v2/categories/7.json]
[gcash8.ph/category/gcash-guide/index.html]
[gcash8.ph/category/gcash-guide/feed/index.html]
[gcash8.ph/2024/04/index.html]
[gcash8.ph/vip-slot/index.html]
[gcash8.ph/2024/10/index.html]
[gcash8.ph/category/online-casino/feed/index.html]
[gcash8.ph/wp-json/wp/v2/categories/64.json]
[gcash8.ph/wp-content/uploads/2025/01/taya777-720x380.webp]
[gcash8.ph/wp-content/uploads/2025/01/8k8-720x380.webp]
[gcash8.ph/wp-content/uploads/2025/01/BETSO88-Log-in-to-Get-Free-100-Bonus-without-Deposit-720x380.webp]
[gcash8.ph/wp-content/uploads/2025/01/tg777-720x380.webp]
[gcash8.ph/betso88/index.html]
[gcash8.ph/wp-content/uploads/2025/01/milyon88-casino-720x380.webp]
[gcash8.ph/category/online-casino/index.html]
[gcash8.ph/tg777/index.html]
[gcash8.ph/category/online-casino/page/2/index.html]
[gcash8.ph/category/online-casino/page/3/index.html]
[gcash8.ph/wp-json/wp/v2/categories/114.json]
[gcash8.ph/category/philippines/feed/index.html]
[gcash8.ph/wp-content/uploads/2025/01/jollibee-777-casino-720x380.webp]
[gcash8.ph/wp-content/uploads/2025/01/spinph-casino-720x380.webp]
[gcash8.ph/category/philippines/index.html]
[gcash8.ph/jollibee-777/index.html]
[gcash8.ph/spinph/index.html]
[gcash8.ph/wp-content/uploads/2025/01/jili88-casino-720x380.webp]
[gcash8.ph/blog/page/3/index.html]
[gcash8.ph/wp-content/uploads/2025/01/PHCASH11-Play-Legit-Philippines-Casino-in-2025-720x380.webp]
[gcash8.ph/jili88/index.html]
[gcash8.ph/wp-content/uploads/2024/12/Pone-Club-Casino-Get-FREE-₱100-Bonus-720x380.webp]
[gcash8.ph/blog/page/2/index.html]
[gcash8.ph/pone-club-casino/index.html]
[gcash8.ph/wp-content/plugins/ultimate-post/assets/img/loading.gif]
[gcash8.ph/wp-content/plugins/ultimate-post/assets/css/style.min9fd6.css]
[gcash8.ph/author/gcash8admin/feed/index.html]
[gcash8.ph/wp-json/wp/v2/users/1.json]
[gcash8.ph/author/gcash8admin/index.html]
[gcash8.ph/2025/02/index.html]
[gcash8.ph/author/gcash8admin/page/2/index.html]
[gcash8.ph/2025/01/index.html]
[gcash8.ph/author/gcash8admin/page/4/index.html]
[gcash8.ph/2025/index.html]
[gcash8.ph/2025/01/page/2/index.html]
[gcash8.ph/wp-json/wp/v2/posts/907.json]
[gcash8.ph/wp-json/oembed/1.0/embeda299.json]
[gcash8.ph/wp-json/oembed/1.0/embedb3e6]
[gcash8.ph/wp-content/uploads/2025/01/jili-games-free-100.webp]
[gcash8.ph/wp-content/uploads/2025/01/Jili-Games-Free-100-Promotion.webp]
[gcash8.ph/wp-content/uploads/2025/01/super-ace.webp]
[gcash8.ph/wp-content/uploads/2025/01/fortune-gems.webp]
[gcash8.ph/wp-content/uploads/2025/01/golden-empire.webp]
[gcash8.ph/wp-content/uploads/2025/01/gold-rush.webp]
[gcash8.ph/wp-content/uploads/2024/12/slot-free-100-philippines-1024x538.webp]
[gcash8.ph/wp-content/uploads/2024/12/GOCASH777-1024x538.webp]
[gcash8.ph/wp-content/uploads/2024/12/new-member-register-free-100-bonus-1-1024x538.webp]
[gcash8.ph/jili-games-free-100/index.html]
[gcash8.ph/wp-json/wp/v2/posts/901.json]
[gcash8.ph/wp-json/oembed/1.0/embed187d.json]
[gcash8.ph/wp-json/oembed/1.0/embeda77d]
[gcash8.ph/wp-content/uploads/2025/01/nicejl-casino.webp]
[gcash8.ph/wp-content/uploads/2025/01/Nicejl.webp]
[gcash8.ph/nicejl/index.html]
[gcash8.ph/wp-json/wp/v2/posts/890.json]
[gcash8.ph/wp-json/oembed/1.0/embed824c.json]
[gcash8.ph/wp-json/oembed/1.0/embeddcd3]
[gcash8.ph/wp-content/uploads/2025/01/55bmw-login.webp]
[gcash8.ph/wp-content/uploads/2025/01/Key-Features-of-55bmw-Casino.webp]
[gcash8.ph/55bmw-login/index.html]
[gcash8.ph/55bmw/index.html]
[gcash8.ph/wp-json/wp/v2/posts/882.json]
[gcash8.ph/wp-json/oembed/1.0/embed9bc0.json]
[gcash8.ph/wp-json/oembed/1.0/embed584f]
[gcash8.ph/wp-content/uploads/2025/01/PH4444-Log-In-to-Win-up-to-₱888-Cash.webp]
[gcash8.ph/wp-content/uploads/2025/01/ph4444.webp]
[gcash8.ph/wp-content/uploads/2024/12/play-now-button.png]
[gcash8.ph/ph4444/index.html]
[gcash8.ph/wp-json/wp/v2/posts/871.json]
[gcash8.ph/wp-json/oembed/1.0/embed1ac9.json]
[gcash8.ph/wp-json/oembed/1.0/embed222e]
[gcash8.ph/wp-content/uploads/2025/01/555pub.webp]
[gcash8.ph/wp-content/uploads/2025/01/555pub-login.webp]
[gcash8.ph/555pub/index.html]
[gcash8.ph/blog/page/5/index.html]
[gcash8.ph/wp-admin/admin-ajaxf809.html]
[gcash8.ph/index341b.html]
[gcash8.ph/index0345.html]
[gcash8.ph/indexe2ec.html]
[gcash8.ph/wp-json/wp/v2/posts/800.json]
[gcash8.ph/blog/page/4/index.html]
[gcash8.ph/wp-json/oembed/1.0/embede044.json]
[gcash8.ph/wp-json/oembed/1.0/embedfbd9]
[gcash8.ph/wp-content/uploads/2025/01/milyon88-casino.webp]
[gcash8.ph/wp-content/uploads/2025/01/Terms-and-Conditions-of-the-100-Bonus.webp]
[gcash8.ph/milyon88/index.html]
[gcash8.ph/index821a.html]
[gcash8.ph/index974f.html]
[gcash8.ph/wp-json/wp/v2/posts/597.json]
[gcash8.ph/wp-json/oembed/1.0/embedec8b.json]
[gcash8.ph/wp-json/oembed/1.0/embed0366]
[gcash8.ph/wp-content/uploads/2024/12/new-member-register-free-100-bonus-1.webp]
[gcash8.ph/wp-content/uploads/2024/12/new-member-register-free-100.webp]
[gcash8.ph/taya365/index.html]
[gcash8.ph/wp-content/uploads/2025/01/jili-games-free-100-1024x538.webp]
[gcash8.ph/new-member-register-free-100-in-gcash/index.html]
[gcash8.ph/index1426.html]
[gcash8.ph/wp-json/wp/v2/posts/783.json]
[gcash8.ph/wp-json/oembed/1.0/embede2e9.json]
[gcash8.ph/wp-json/oembed/1.0/embede73b]
[gcash8.ph/wp-content/uploads/2025/01/PHCASH11-Play-Legit-Philippines-Casino-in-2025.webp]
[gcash8.ph/wp-content/uploads/2025/01/phcash11.webp]
[gcash8.ph/wp-content/uploads/2025/01/PHCASH11-Bonuses-and-Promotions.webp]
[gcash8.ph/phcash11/index.html]
[gcash8.ph/wp-json/wp/v2/posts/825.json]
[gcash8.ph/wp-json/oembed/1.0/embed2aa7.json]
[gcash8.ph/wp-json/oembed/1.0/embed9a32]
[gcash8.ph/wp-content/uploads/2025/01/8k8.webp]
[gcash8.ph/wp-content/uploads/2025/01/8k8-casino.webp]
[gcash8.ph/wp-content/uploads/2025/01/welcome-bonus.webp]
[gcash8.ph/8k8/index.html]
[gcash8.ph/wp-json/wp/v2/posts/838.json]
[gcash8.ph/wp-json/oembed/1.0/embed515f.json]
[gcash8.ph/wp-json/oembed/1.0/embedf9c2]
[gcash8.ph/wp-content/uploads/2025/01/taya777.webp]
[gcash8.ph/wp-content/uploads/2025/01/Attractive-Bonuses-and-Promotions.webp]
[gcash8.ph/taya777/index.html]
[gcash8.ph/indexbb46.html]
[gcash8.ph/wp-json/wp/v2/posts/640.json]
[gcash8.ph/wp-json/oembed/1.0/embed2f41.json]
[gcash8.ph/wp-json/oembed/1.0/embed9862]
[gcash8.ph/wp-content/uploads/2024/12/slot-free-100-philippines.webp]
[gcash8.ph/wp-content/uploads/2024/12/slot-free-100-new-member.webp]
[gcash8.ph/wp-content/uploads/2024/12/slot-free-100.webp]
[gcash8.ph/slot-free-100-new-member/index.html]
[gcash8.ph/wp-content/uploads/2024/12/mnl168-720x380.webp]
[gcash8.ph/2024/index.html]
[gcash8.ph/wp-content/uploads/2024/12/taya365-casino-720x380.webp]
[gcash8.ph/mnl168/index.html]
[gcash8.ph/wp-content/uploads/2024/12/Gbet777-New-Member-Claim-Free-Bonus-Play-Now-720x380.webp]
[gcash8.ph/wp-content/uploads/2024/12/jljl8-login-720x380.webp]
[gcash8.ph/gbet777/index.html]
[gcash8.ph/wp-content/uploads/2024/12/no1jl-casino-720x380.webp]
[gcash8.ph/jljl8/index.html]
[gcash8.ph/wp-content/uploads/2024/12/plot777-casino-free-bonus-720x380.webp]
[gcash8.ph/no1jl/index.html]
[gcash8.ph/wp-content/uploads/2024/12/55BMW-Get-Your-Free-Bonus-No-Deposit-720x380.webp]
[gcash8.ph/plot777/index.html]
[gcash8.ph/wp-content/uploads/2024/12/jdmax88-720x380.webp]
[gcash8.ph/2024/12/index.html]
[gcash8.ph/wp-json/wp/v2/posts/611.json]
[gcash8.ph/2024/12/page/2/index.html]
[gcash8.ph/jdmax88/index.html]
[gcash8.ph/wp-json/oembed/1.0/embed3419.json]
[gcash8.ph/wp-json/oembed/1.0/embede02e]
[gcash8.ph/wp-content/uploads/2024/12/GOCASH777.webp]
[gcash8.ph/wp-content/uploads/2024/11/register-get-free.cd.delayed]
[gcash8.ph/wp-content/uploads/2024/12/GOCASH777-1-1024x269.webp]
[gcash8.ph/gocash777/index.html]
[gcash8.ph/wp-json/wp/v2/posts/563.json]
[gcash8.ph/wp-json/oembed/1.0/embeda459.json]
[gcash8.ph/wp-json/oembed/1.0/embed63aa]
[gcash8.ph/wp-content/uploads/2024/11/jili-casino-free-100-pesos.d2.delayed]
[gcash8.ph/wp-content/uploads/2024/11/free-100.d3.delayed]
[gcash8.ph/jili-casino-free-100-pesos/index.html]
[gcash8.ph/wp-content/uploads/2024/11/Wow888-Claim-Free-200-Casino-Bonus-720x380.webp]
[gcash8.ph/wow888/index.html]
[gcash8.ph/jiliasia8/index.html]
[gcash8.ph/wp-content/uploads/2024/11/Nice88-Legit-Casino-Philippines-720x380.webp]
[gcash8.ph/2024/11/index.html]
[gcash8.ph/wp-json/wp/v2/posts/90.json]
[gcash8.ph/nice88/index.html]
[gcash8.ph/wp-json/oembed/1.0/embed8376.json]
[gcash8.ph/wp-json/oembed/1.0/embed527b]
[gcash8.ph/wp-content/uploads/2024/04/Free-100.webp]
[gcash8.ph/wp-content/uploads/2024/04/Free-100-GCash-Casino.webp]
[gcash8.ph/wp-content/uploads/2024/04/Free-100-GCash-Casino-PH.webp]
[gcash8.ph/free-100-gcash-casino-ph/index.html]
[gcash8.ph/wp-json/wp/v2/users/2.json]
[gcash8.ph/author/gcash8-phn/index.html]
[gcash8.ph/2024/04/index.html]
[gcash8.ph/author/gcash8-phn/feed/index.html]
[gcash8.ph/wp-json/wp/v2/posts/483.json]
[gcash8.ph/wp-json/oembed/1.0/embeddc46.json]
[gcash8.ph/wp-json/oembed/1.0/embedfb00]
[gcash8.ph/wp-content/uploads/2024/10/vip-slot.e0.delayed]
[gcash8.ph/vip-slot/index.html]
[gcash8.ph/jili-slot-777/index.html]
[gcash8.ph/wp-content/uploads/2024/10/otso88-720x380.webp]
[gcash8.ph/wp-content/uploads/2024/10/fb777-pro-login-720x380.webp]
[gcash8.ph/otso88/index.html]
[gcash8.ph/wp-content/uploads/2024/10/PHdream11-Claim-Free-Bonus-Without-Deposit-720x380.webp]
[gcash8.ph/fb777-pro/index.html]
[gcash8.ph/wp-content/uploads/2024/10/SPINPH8-Free-Bonus-for-New-Members-720x380.webp]
[gcash8.ph/2024/10/index.html]
[gcash8.ph/phdream11/index.html]
[gcash8.ph/wp-json/wp/v2/posts/818.json]
[gcash8.ph/spinph8/index.html]
[gcash8.ph/wp-json/oembed/1.0/embed593a.json]
[gcash8.ph/wp-json/oembed/1.0/embed9388]
[gcash8.ph/wp-content/uploads/2025/01/BETSO88-Log-in-to-Get-Free-100-Bonus-without-Deposit.webp]
[gcash8.ph/wp-content/uploads/2025/01/Free-100-Bonus-on-BETSO88.webp]
[gcash8.ph/betso88/index.html]
[gcash8.ph/wp-json/wp/v2/posts/809.json]
[gcash8.ph/wp-json/oembed/1.0/embed0872.json]
[gcash8.ph/wp-json/oembed/1.0/embed4125]
[gcash8.ph/wp-content/uploads/2025/01/tg777.webp]
[gcash8.ph/wp-content/uploads/2025/01/tg777-casino.webp]
[gcash8.ph/wp-content/uploads/2025/01/777-bonus.webp]
[gcash8.ph/tg777/index.html]
[gcash8.ph/category/online-casino/page/2/index.html]
[gcash8.ph/category/online-casino/page/3/index.html]
[gcash8.ph/wp-json/wp/v2/posts/862.json]
[gcash8.ph/wp-json/oembed/1.0/embed9f7f.json]
[gcash8.ph/wp-json/oembed/1.0/embed5e82]
[gcash8.ph/wp-content/uploads/2025/01/jollibee-777-casino.webp]
[gcash8.ph/wp-content/uploads/2025/01/Jollibee-777.webp]
[gcash8.ph/wp-content/uploads/2025/01/Crazy-Friday-Bonus-Worth-₱7777.webp]
[gcash8.ph/jollibee-777/index.html]
[gcash8.ph/wp-json/wp/v2/posts/851.json]
[gcash8.ph/wp-json/oembed/1.0/embed6173.json]
[gcash8.ph/wp-json/oembed/1.0/embed38bd]
[gcash8.ph/wp-content/uploads/2025/01/spinph-casino.webp]
[gcash8.ph/wp-content/uploads/2025/01/spinph.webp]
[gcash8.ph/spinph/index.html]
[gcash8.ph/blog/page/3/index.html]
[gcash8.ph/wp-json/wp/v2/posts/792.json]
[gcash8.ph/wp-json/oembed/1.0/embed682f.json]
[gcash8.ph/wp-json/oembed/1.0/embed97b2]
[gcash8.ph/wp-content/uploads/2025/01/jili88-casino.webp]
[gcash8.ph/wp-content/uploads/2025/01/jili88.webp]
[gcash8.ph/wp-content/uploads/2025/01/Benefits-of-Playing-JILI-Slots-at-JILI88.webp]
[gcash8.ph/jili88/index.html]
[gcash8.ph/wp-json/wp/v2/posts/773.json]
[gcash8.ph/wp-json/oembed/1.0/embeda3dd.json]
[gcash8.ph/wp-json/oembed/1.0/embedeb28]
[gcash8.ph/wp-content/uploads/2024/12/Pone-Club-Casino-Get-FREE-₱100-Bonus.webp]
[gcash8.ph/wp-content/uploads/2024/12/Exciting-Slot-Games-on-PoneClub-Casino.webp]
[gcash8.ph/pone-club-casino/index.html]
[gcash8.ph/author/gcash8admin/page/2/index.html]
[gcash8.ph/author/gcash8admin/page/4/index.html]
[gcash8.ph/2025/index.html]
[gcash8.ph/2025/01/page/2/index.html]
[gcash8.ph/indexa5c3.html]
[gcash8.ph/indexead7.html]
[gcash8.ph/indexbd60.html]
[gcash8.ph/author/gcash8admin/page/3/index.html]
[gcash8.ph/wp-json/wp/v2/posts/656.json]
[gcash8.ph/2025/page/2/index.html]
[gcash8.ph/wp-json/oembed/1.0/embed52e1.json]
[gcash8.ph/wp-json/oembed/1.0/embeda59e]
[gcash8.ph/wp-content/uploads/2024/12/55BMW-Get-Your-Free-Bonus-No-Deposit.webp]
[gcash8.ph/wp-content/uploads/2024/12/55bmw.webp]
[gcash8.ph/wp-content/uploads/2024/12/55bmw-online-casino.webp]
[gcash8.ph/55bmw/index.html]
[gcash8.ph/index8381.html]
[gcash8.ph/indexaaab.html]
[gcash8.ph/blog/page/4/index.html]
[gcash8.ph/indexcb2d.html]
[gcash8.ph/index53ba.html]
[gcash8.ph/wp-json/wp/v2/posts/759.json]
[gcash8.ph/wp-json/oembed/1.0/embed491a.json]
[gcash8.ph/wp-json/oembed/1.0/embed2779]
[gcash8.ph/wp-content/uploads/2024/12/taya365-casino.webp]
[gcash8.ph/wp-content/uploads/2024/12/taya365.webp]
[gcash8.ph/taya365/index.html]
[gcash8.ph/indexd2e2.html]
[gcash8.ph/indexee96.html]
[gcash8.ph/indexec9a.html]
[gcash8.ph/index55df.html]
[gcash8.ph/2024/index.html]
[gcash8.ph/wp-json/wp/v2/posts/764.json]
[gcash8.ph/2024/page/3/index.html]
[gcash8.ph/2024/page/2/index.html]
[gcash8.ph/wp-json/oembed/1.0/embed4a47.json]
[gcash8.ph/wp-json/oembed/1.0/embed835c]
[gcash8.ph/wp-content/uploads/2024/12/mnl168.webp]
[gcash8.ph/wp-content/uploads/2024/12/mnl168-casino.webp]
[gcash8.ph/mnl168/index.html]
[gcash8.ph/wp-json/wp/v2/posts/749.json]
[gcash8.ph/wp-json/oembed/1.0/embedc978.json]
[gcash8.ph/wp-json/oembed/1.0/embed9fed]
[gcash8.ph/wp-content/uploads/2024/12/Gbet777-New-Member-Claim-Free-Bonus-Play-Now.webp]
[gcash8.ph/wp-content/uploads/2024/12/gbet777-casino.webp]
[gcash8.ph/gbet777/index.html]
[gcash8.ph/wp-json/wp/v2/posts/740.json]
[gcash8.ph/wp-json/oembed/1.0/embedbfec.json]
[gcash8.ph/wp-json/oembed/1.0/embed26f2]
[gcash8.ph/wp-content/uploads/2024/12/jljl8-login.webp]
[gcash8.ph/wp-content/uploads/2024/12/jljl8.webp]
[gcash8.ph/jljl8/index.html]
[gcash8.ph/wp-json/wp/v2/posts/730.json]
[gcash8.ph/wp-json/oembed/1.0/embed776c.json]
[gcash8.ph/wp-json/oembed/1.0/embed1890]
[gcash8.ph/wp-content/uploads/2024/12/no1jl-casino.webp]
[gcash8.ph/wp-content/uploads/2024/12/no1jl.webp]
[gcash8.ph/no1jl/index.html]
[gcash8.ph/wp-json/wp/v2/posts/719.json]
[gcash8.ph/wp-json/oembed/1.0/embededc2.json]
[gcash8.ph/wp-json/oembed/1.0/embedc973]
[gcash8.ph/wp-content/uploads/2024/12/plot777-casino-free-bonus.webp]
[gcash8.ph/wp-content/uploads/2024/12/plot777.webp]
[gcash8.ph/plot777/index.html]
[gcash8.ph/wp-json/wp/v2/posts/615.json]
[gcash8.ph/wp-json/oembed/1.0/embed6df8.json]
[gcash8.ph/wp-json/oembed/1.0/embed6d37]
[gcash8.ph/wp-content/uploads/2024/12/jdmax88.webp]
[gcash8.ph/wp-content/uploads/2024/12/jdmax88-1-1024x269.webp]
[gcash8.ph/wp-content/uploads/2024/12/100-free-no-deposit-casino-1024x269.12f.delayed]
[gcash8.ph/jdmax88/index.html]
[gcash8.ph/2024/12/page/2/index.html]
[gcash8.ph/indexb702.html]
[gcash8.ph/wp-content/uploads/2024/11/register-get-free.html]
[gcash8.ph/index03c9.html]
[gcash8.ph/wp-content/uploads/2024/11/jili-casino-free-100-pesos.html]
[gcash8.ph/wp-content/uploads/2024/11/free-100.html]
[gcash8.ph/wp-json/wp/v2/posts/557.json]
[gcash8.ph/wp-json/oembed/1.0/embedb162.json]
[gcash8.ph/wp-json/oembed/1.0/embed2f85]
[gcash8.ph/wp-content/uploads/2024/11/Wow888-Claim-Free-200-Casino-Bonus.webp]
[gcash8.ph/wp-content/uploads/2024/11/wow888.134.delayed]
[gcash8.ph/wp-content/uploads/2024/10/free-bonus.webp]
[gcash8.ph/wow888/index.html]
[gcash8.ph/wp-json/wp/v2/posts/592.json]
[gcash8.ph/wp-json/oembed/1.0/embed3f85.json]
[gcash8.ph/wp-json/oembed/1.0/embed006f]
[gcash8.ph/wp-content/uploads/2024/11/free-slots-games-1024x269.139.delayed]
[gcash8.ph/wp-content/uploads/2024/11/free-100-online-casino.13a.delayed]
[gcash8.ph/jiliasia8/index.html]
[gcash8.ph/wp-json/wp/v2/posts/553.json]
[gcash8.ph/wp-json/oembed/1.0/embed2de7.json]
[gcash8.ph/wp-json/oembed/1.0/embede5a9]
[gcash8.ph/wp-content/uploads/2024/11/Nice88-Legit-Casino-Philippines.webp]
[gcash8.ph/wp-content/uploads/2024/11/nice88.webp]
[gcash8.ph/wp-content/uploads/2024/11/nice88-free-120.webp]
[gcash8.ph/nice88/index.html]
[gcash8.ph/indexeffd.html]
[gcash8.ph/index3758.html]
[gcash8.ph/jili-slot-777/index.html]
[gcash8.ph/wp-content/uploads/2024/10/vip-slot.html]
[gcash8.ph/wp-json/wp/v2/posts/547.json]
[gcash8.ph/wp-json/oembed/1.0/embed85e0.json]
[gcash8.ph/wp-json/oembed/1.0/embed3849]
[gcash8.ph/wp-content/uploads/2024/10/otso88.webp]
[gcash8.ph/wp-content/uploads/2024/10/otso88-casino.webp]
[gcash8.ph/otso88/index.html]
[gcash8.ph/wp-json/wp/v2/posts/543.json]
[gcash8.ph/wp-json/oembed/1.0/embed62c0.json]
[gcash8.ph/wp-json/oembed/1.0/embedd52a]
[gcash8.ph/wp-content/uploads/2024/10/fb777-pro-login.webp]
[gcash8.ph/wp-content/uploads/2024/10/fb777-pro.webp]
[gcash8.ph/fb777-pro/index.html]
[gcash8.ph/wp-json/wp/v2/posts/529.json]
[gcash8.ph/wp-json/oembed/1.0/embedd934.json]
[gcash8.ph/wp-json/oembed/1.0/embedaea2]
[gcash8.ph/wp-content/uploads/2024/10/PHdream11-Claim-Free-Bonus-Without-Deposit.webp]
[gcash8.ph/wp-content/uploads/2024/10/phdream11.webp]
[gcash8.ph/wp-content/uploads/2024/10/phdream11-casino.webp]
[gcash8.ph/phdream11/index.html]
[gcash8.ph/wp-json/wp/v2/posts/495.json]
[gcash8.ph/wp-json/oembed/1.0/embed84a0.json]
[gcash8.ph/wp-json/oembed/1.0/embed79d4]
[gcash8.ph/wp-content/uploads/2024/10/SPINPH8-Free-Bonus-for-New-Members.webp]
[gcash8.ph/wp-content/uploads/2024/10/spinph8.webp]
[gcash8.ph/spinph8/index.html]
[gcash8.ph/indexefa2.html]
[gcash8.ph/indexf53a.html]
[gcash8.ph/indexd399.html]
[gcash8.ph/index905a.html]
[gcash8.ph/indexdfb6.html]
[gcash8.ph/indexb648.html]
[gcash8.ph/author/gcash8admin/page/3/index.html]
[gcash8.ph/2025/page/2/index.html]
[gcash8.ph/indexe712.html]
[gcash8.ph/indexdc17.html]
[gcash8.ph/2024/page/2/index.html]
[gcash8.ph/2024/page/3/index.html]
[gcash8.ph/indexa102.html]
[gcash8.ph/index16d5.html]
[gcash8.ph/index8da8.html]
[gcash8.ph/index7c89.html]
[gcash8.ph/indexd13e.html]
[gcash8.ph/index2f7a.html]
[gcash8.ph/wp-content/uploads/2024/12/100-free-no-deposit-casino-1024x269.html]
[gcash8.ph/indexc9d1.html]
[gcash8.ph/wp-content/uploads/2024/11/wow888.html]
[gcash8.ph/index568a.html]
[gcash8.ph/wp-content/uploads/2024/11/free-slots-games-1024x269.html]
[gcash8.ph/wp-content/uploads/2024/11/free-100-online-casino.html]
[gcash8.ph/indexa7b7.html]
[gcash8.ph/index7cc7.html]
[gcash8.ph/indexc182.html]
[gcash8.ph/indexb25f.html]
[gcash8.ph/index28bc.html]
